[www.dominos.co.in/index.html]
[backblue.gif]
[fade.gif]
[index.html]
[www.dominos.co.in/notifyvisitors_push/chrome/manifest.json]
[www.google-analytics.com/plugins/ua/linkid.js]
[connect.facebook.net/en_US/fbevents.js]
[d2r1yp2w7bby2u.cloudfront.net/js/a.js]
[bat.bing.com/bat.js]
[www.google-analytics.com/analytics.js]
[www.googleadservices.com/pagead/f.txt]
[cdn.notifyvisitors.com/js/notify-visitors-1.0.js]
[static.ads-twitter.com/uwt.js]
[www.googletagmanager.com/gtm1b1d.js]
[cdnjs.cloudflare.com/ajax/libs/tiny-slider/2.8.2/tiny-slider.css]
[cdnjs.cloudflare.com/ajax/libs/tiny-slider/2.8.2/min/tiny-slider.js]
[cdnjs.cloudflare.com/ajax/libs/font-awesome/6.0.0-beta2/css/all.min.css]
[www.dominos.co.in/styles/style1.css]
[code.jquery.com/jquery-3.6.0.min.js]
[code.jquery.com/ui/1.13.1/jquery-ui.js]
[www.dominos.co.in/assets/Close.png]
[www.dominos.co.in/assets/Logo.png]
[www.dominos.co.in/menu.html]
[www.dominos.co.in/gift-vouchers.html]
[www.dominos.co.in/virtual-pizza-party.html]
[www.dominos.co.in/contact.html]
[www.dominos.co.in/assets/Home.png]
[www.dominos.co.in/assets/side_menu.png]
[www.dominos.co.in/assets/Gift_Card.png]
[www.dominos.co.in/assets/Store_Finder.png]
[www.dominos.co.in/bday-party.html]
[www.dominos.co.in/assets/Birthday_party.png]
[www.dominos.co.in/wedding.html]
[www.dominos.co.in/assets/Coporate_orders.png]
[www.dominos.co.in/assets/Blog.png]
[www.dominos.co.in/assets/Investor.png]
[www.dominos.co.in/feedback.html]
[www.dominos.co.in/assets/Feedback.png]
[www.dominos.co.in/assets/Contact.png]
[www.dominos.co.in/advertisement.html]
[www.dominos.co.in/assets/Add.png]
[www.dominos.co.in/assets/header_bg.png]
[www.dominos.co.in/assets/banner_brand_20210922.jpg]
[www.dominos.co.in/assets/Banner_sticky.png]
[www.dominos.co.in/assets/slider_arrow_left.png]
[www.dominos.co.in/assets/slider_arrow_right.png]
[www.dominos.co.in/assets/menu.png]
[www.dominos.co.in/assets/store.png]
[www.dominos.co.in/assets/birthday.png]
[www.dominos.co.in/assets/catering.png]
[www.dominos.co.in/assets/new_app_img.png]
[www.dominos.co.in/assets/play_store.png]
[www.dominos.co.in/assets/app_store.png]
[www.dominos.co.in/menu/veg-pizzas.html]
[www.dominos.co.in/menu/non-veg-pizzas.html]
[www.dominos.co.in/menu/pasta.html]
[www.dominos.co.in/menu/choice-of-crusts.html]
[www.dominos.co.in/menu/beverages.html]
[www.dominos.co.in/menu/pizza-mania.html]
[www.dominos.co.in/menu/burger-pizza.html]
[www.dominos.co.in/menu/veg-pizzas/farm-house.html]
[www.dominos.co.in/menu/veg-pizzas/margherita.html]
[www.dominos.co.in/menu/veg-pizzas/cheese-n-corn.html]
[www.dominos.co.in/menu/veg-pizzas/double-cheese-margherita.html]
[www.dominos.co.in/menu/veg-pizzas/paneer-makhani.html]
[www.dominos.co.in/menu/side-orders/lava-cake.html]
[www.dominos.co.in/menu/chicken/roasted-chicken-wings-peri-peri.html]
[www.dominos.co.in/menu/side-orders/garlic-breadsticks.html]
[www.dominos.co.in/menu/side-orders/stuffed-garlic-bread.html]
[www.dominos.co.in/menu/side-orders/veg-parcel.html]
[www.dominos.co.in/menu/choice-of-crusts/fresh-pan-pizza.html]
[www.dominos.co.in/menu/choice-of-crusts/new-hand-tossed.html]
[www.dominos.co.in/menu/choice-of-crusts/classic-hand-tossed.html]
[www.dominos.co.in/menu/pizza-mania/golden-corn.html]
[www.dominos.co.in/menu/choice-of-toppings/extra-cheese.html]
[www.dominos.co.in/great-deals/online-pizza-coupons/dominos-wednesday-offers.html]
[www.dominos.co.in/restaurants-near-me.html]
[www.dominos.co.in/pizza-near-me.html]
[www.dominos.co.in/food-near-me.html]
[www.dominos.co.in/food-delivery.html]
[www.dominos.co.in/italian-food.html]
[www.dominos.co.in/order-food-online.html]
[www.dominos.co.in/e-gift-voucher.html]
[www.dominos.co.in/privacy-policy.html]
[www.dominos.co.in/assets/fb.png]
[www.dominos.co.in/assets/twitter.png]
[www.dominos.co.in/assets/instagram.png]
[www.dominos.co.in/assets/You_tube.png]
[www.dominos.co.in/assets/hello_dominos_20210615.png]
[www.dominos.co.in/index.html]
[app.yellowmessenger.com/widget/main.js]
[connect.facebook.net/en_US/fbevents.js]
[cdnjs.cloudflare.com/ajax/libs/tiny-slider/2.8.2/tiny-slider.css]
[cdnjs.cloudflare.com/ajax/libs/font-awesome/6.0.0-beta2/css/all.min.css]
[www.googletagmanager.com/gtm5445.html]
[www.dominos.co.in/fonts/Proxima Nova Reg Itd41d.eot]
[www.dominos.co.in/fonts/Proxima Nova Rg Regular.ttf]
[www.dominos.co.in/fonts/proxima-nova-extra-boldd41d.eot]
[www.dominos.co.in/fonts/ProximaNova-Extrabold_0.otf]
[www.dominos.co.in/fonts/proxima-nova-semiboldd41d.eot]
[www.dominos.co.in/fonts/ProximaNova-Semibold.otf]
[www.dominos.co.in/styles/style1.css]
[www.dominos.co.in/theme2/front/images/home/Dominos-APP-LOGO-1.png]
[www.dominos.co.in/theme2/front/css/bootstrap.min.css]
[maxcdn.bootstrapcdn.com/font-awesome/4.2.0/css/font-awesome.min.css]
[www.dominos.co.in/theme2/front/images/mobile-images/mbl-logo.png]
[www.dominos.co.in/theme2/front/css/inputEffects.css]
[www.dominos.co.in/theme2/front/css/style.minb52e.css]
[www.dominos.co.in/theme2/front/js/header.min.js]
[www.dominos.co.in/theme2/front/js/jquery.min.js]
[www.dominos.co.in/theme2/front/js/jquery-ui.min.js]
[www.dominos.co.in/theme2/front/js/bootstrap.min.js]
[www.dominos.co.in/theme2/front/js/classie.min.js]
[www.dominos.co.in/theme2/front/js/common68b3.js]
[secure-ds.serving-sys.com/SemiCachedScripts/ebOneTag.js]
[www.dominos.co.in/theme2/front/images/dominos-logo-241x53.png]
[www.dominos.co.in/menu/side-orders.html]
[www.dominos.co.in/menu/choice-of-toppings.html]
[www.dominos.co.in/menu/chicken.html]
[www.dominos.co.in/menu/chicken-lovers-pizza.html]
[www.dominos.co.in/menu/paratha-pizza.html]
[www.dominos.co.in/theme2/front/images/menu-images/darkred.png]
[www.dominos.co.in/menu.html]
[www.dominos.co.in/theme2/front/js/jquery-2.1.1.min.js]
[www.dominos.co.in/theme2/front/js/jquery.waterwheelCarousel.min.js]
[www.dominos.co.in/theme2/front/js/vouchercommon.js]
[www.dominos.co.in/theme2/front/css/voucher.css]
[www.dominos.co.in/theme2/images/load.gif]
[www.dominos.co.in/gift-vouchers/gift-card.html]
[www.dominos.co.in/theme2/front/images/voucherimages/giftcardbanner.png]
[www.dominos.co.in/theme2/front/images/voucherimages/egiftvoucher.png]
[www.dominos.co.in/theme2/front/images/voucherimages/giftcard.png]
[www.dominos.co.in/gift-vouchers/buy-evoucher.html]
[www.dominos.co.in/theme2/front/images/voucherimages/carousel1.png]
[www.dominos.co.in/theme2/front/images/voucherimages/carousel2.png]
[www.dominos.co.in/theme2/front/images/voucherimages/carousel3.png]
[www.dominos.co.in/theme2/front/images/voucherimages/carousel4.png]
[www.dominos.co.in/theme2/front/images/voucherimages/carousel5.png]
[www.dominos.co.in/theme2/front/images/voucherimages/carousel6.png]
[www.dominos.co.in/theme2/front/images/voucherimages/carousel7.png]
[www.dominos.co.in/theme2/front/images/voucherimages/carousel8.png]
[www.dominos.co.in/theme2/front/images/voucherimages/carousel9.png]
[www.dominos.co.in/theme2/front/images/voucherimages/carousel10.png]
[www.dominos.co.in/theme2/front/images/voucherimages/carousel11.png]
[www.dominos.co.in/theme2/front/images/voucherimages/carousel12.png]
[www.dominos.co.in/theme2/front/images/voucherimages/carousel13.png]
[www.dominos.co.in/theme2/front/images/voucherimages/carousel14.png]
[www.dominos.co.in/theme2/front/images/voucherimages/carousel15.png]
[www.dominos.co.in/theme2/front/images/voucherimages/carousel16.png]
[www.dominos.co.in/theme2/front/images/voucherimages/carousel17.png]
[www.dominos.co.in/theme2/front/images/voucherimages/carousel18.png]
[www.dominos.co.in/theme2/front/images/voucherimages/placeorder.png]
[www.dominos.co.in/theme2/front/images/voucherimages/paymentmethod.png]
[www.dominos.co.in/theme2/front/images/voucherimages/vouchercarddetails.png]
[www.dominos.co.in/theme2/front/images/voucherimages/makepayment.png]
[www.dominos.co.in/great-deals/online-pizza-coupons/everyday-value-offers.html]
[www.dominos.co.in/gift-vouchers/balance-enquiry.html]
[www.dominos.co.in/great-deals/online-pizza-coupons/index.html]
[www.dominos.co.in/theme2/front/images/voucherimages/checkbalbutton.png]
[www.dominos.co.in/gift-vouchers.html]
[www.dominos.co.in/theme2/front/js/corp_enquiry.js]
[www.dominos.co.in/theme2/front/css/jquery-ui-1.8.23.custom.css]
[www.dominos.co.in/theme2/front/css/corp-query.css]
[www.dominos.co.in/theme2/front/images/corp_query/virtual_pizza_party@3x.png]
[www.dominos.co.in/theme2/front/images/corp_query/img_1@3x.png]
[www.dominos.co.in/theme2/front/images/corp_query/untouched-new.png]
[www.dominos.co.in/theme2/front/images/corp_query/celebration@3x.png]
[www.dominos.co.in/theme2/front/images/corp_query/calendar.svg]
[www.dominos.co.in/theme2/front/images/corp_query/ok_big@3x.png]
[www.dominos.co.in/virtual-pizza-party.html]
[www.dominos.co.in/menu/desserts.html]
[www.dominos.co.in/theme2/front/images/mobile-images/android-app-icon.png]
[www.dominos.co.in/theme2/front/images/mobile-images/ios-app-icon.png]
[maxcdn.bootstrapcdn.com/bootstrap/3.3.2/css/bootstrap.min.css]
[www.dominos.co.in/theme2/front/assets/css/extras.min.css]
[www.dominos.co.in/theme2/front/assets/css/theme.min.css]
[www.dominos.co.in/theme2/front/assets/css/corporate.min.css]
[netdna.bootstrapcdn.com/font-awesome/3.2.1/css/font-awesome.css]
[www.dominos.co.in/theme2/front/assets/images/corporate/ic_mail_white_18dp.png]
[www.dominos.co.in/theme2/front/assets/images/corporate/ic_search_white_18dp.png]
[www.dominos.co.in/theme2/front/assets/js/theme.min.js]
[www.dominos.co.in/contact.html]
[www.dominos.co.in/store-location/index.html]
[www.dominos.co.in/theme2/front/assets/js/revolution.min.js]
[www.dominos.co.in/theme2/css/jquery-ui-1.8.23.custom.css]
[www.dominos.co.in/theme2/js/jquery-1.8.0.min.js]
[www.dominos.co.in/theme2/js/jquery-ui-1.8.23.custom.min.js]
[www.dominos.co.in/theme2/front/js/bay_party0e7e.js]
[www.dominos.co.in/theme2/front/images/bday-party.jpg]
[www.dominos.co.in/theme2/front/images/home/order-online.png]
[www.google.com/recaptcha/api.js]
[www.dominos.co.in/bday-party.html]
[www.dominos.co.in/catering.html]
[www.dominos.co.in/theme2/front/images/wedding.jpg]
[www.dominos.co.in/wedding.html]
[www.dominos.co.in/blog/index.html]
[www.dominos.co.in/theme2/front/js/feedbackc66d.js]
[www.dominos.co.in/feedback.html]
[www.dominos.co.in/theme2/front/js/advertisment.min77ae.js]
[img.youtube.com/vi/m3wKyL4KrvQ/hqdefault.jpg]
[img.youtube.com/vi/m3wKyL4KrvQ/1.jpg]
[img.youtube.com/vi/ySW8xc-xhu4/1.jpg]
[img.youtube.com/vi/l-Ex_iGpDos/1.jpg]
[img.youtube.com/vi/QkKcprpe7GA/1.jpg]
[img.youtube.com/vi/Oo-U4KlINdE/1.jpg]
[img.youtube.com/vi/gwYtykmOMgc/1.jpg]
[img.youtube.com/vi/kwfYGVCmyfo/1.jpg]
[img.youtube.com/vi/1BH-_hd8TUo/1.jpg]
[img.youtube.com/vi/L6FdMipIFZ8/1.jpg]
[img.youtube.com/vi/6ywcH2T8Sx4/1.jpg]
[img.youtube.com/vi/KbWE8YFGWBw/1.jpg]
[img.youtube.com/vi/kVF0XdOJUP8/1.jpg]
[img.youtube.com/vi/t4p0PrAhmp0/1.jpg]
[img.youtube.com/vi/nmn16YwK1Rk/1.jpg]
[img.youtube.com/vi/LcRbBUQpY4I/1.jpg]
[img.youtube.com/vi/q1469NWMqfg/1.jpg]
[img.youtube.com/vi/T4veG_PcMRY/1.jpg]
[img.youtube.com/vi/TT2-VsZIKG8/1.jpg]
[img.youtube.com/vi/CElBgOxlsRY/1.jpg]
[img.youtube.com/vi/qsHKvxlm48E/1.jpg]
[img.youtube.com/vi/PXk89ZTggtY/1.jpg]
[img.youtube.com/vi/mdc1UM0c0QQ/1.jpg]
[img.youtube.com/vi/RWs5nB4VXys/1.jpg]
[img.youtube.com/vi/ZeGADv6U3Gw/1.jpg]
[img.youtube.com/vi/BEUoFhauvps/1.jpg]
[img.youtube.com/vi/tiAJjcuLU0k/1.jpg]
[img.youtube.com/vi/SJOiEyBxT7Q/1.jpg]
[img.youtube.com/vi/BO-Kv-SfUmA/1.jpg]
[img.youtube.com/vi/oe52RfiI_c8/1.jpg]
[img.youtube.com/vi/qqPC2U4Iv1Y/1.jpg]
[img.youtube.com/vi/B9og5asrm4c/1.jpg]
[img.youtube.com/vi/PrsPo4vkimI/1.jpg]
[img.youtube.com/vi/LdWhwdY2kBk/1.jpg]
[img.youtube.com/vi/9omLgi05toM/1.jpg]
[img.youtube.com/vi/BYYEloteen0/1.jpg]
[img.youtube.com/vi/Sj_Mzl_nF9g/1.jpg]
[img.youtube.com/vi/fio3QmhNGvo/1.jpg]
[img.youtube.com/vi/rMwGOwATHfM/1.jpg]
[img.youtube.com/vi/nJMIGMLITi4/1.jpg]
[img.youtube.com/vi/qJztkOEjY28/1.jpg]
[www.dominos.co.in/advertisement.html]
[www.dominos.co.in/files/items/PIZ0171.jpg]
[www.dominos.co.in/menu/veg-pizzas/the-4-cheese-pizza.html]
[www.dominos.co.in/files/items/Margherit.jpg]
[www.dominos.co.in/files/items/Double_Cheese_Margherita.jpg]
[www.dominos.co.in/files/items/Farmhouse.jpg]
[www.dominos.co.in/files/items/Peppy_Paneer.jpg]
[www.dominos.co.in/menu/veg-pizzas/peppy-paneer.html]
[www.dominos.co.in/files/items/Mexican_Green_Wave.jpg]
[www.dominos.co.in/files/items/Deluxe_Veggie.jpg]
[www.dominos.co.in/menu/veg-pizzas/mexican-green-wave.html]
[www.dominos.co.in/menu/veg-pizzas/deluxe-veggie.html]
[www.dominos.co.in/files/items/Veg_Extravaganz.jpg]
[www.dominos.co.in/menu/veg-pizzas/veg-extravaganza.html]
[www.dominos.co.in/files/items/Corn_&_Cheese.jpg]
[www.dominos.co.in/files/items/Fresh_Veggie.jpg]
[www.dominos.co.in/menu/veg-pizzas/fresh-veggie.html]
[www.dominos.co.in/files/items/Digital_Veggie_Paradise_olo_266x265.jpg]
[www.dominos.co.in/menu/veg-pizzas/veggie-paradise.html]
[www.dominos.co.in/files/items/Paneer_Makhni.jpg]
[www.dominos.co.in/files/items/IndianTandooriPaneer.jpg]
[www.dominos.co.in/menu/veg-pizzas/indi-tandoori-paneer.html]
[www.dominos.co.in/files/items/MoroccanSpicePPVG_N.jpg]
[www.dominos.co.in/menu/veg-pizzas/moroccan-spice-pasta-pizza-veg.html]
[www.dominos.co.in/menu/veg-pizzas/achari-do-pyaza.html]
[www.dominos.co.in/menu/veg-pizzas.html]
[www.dominos.co.in/menu/side-orders/breads/garlic-breadsticks.html]
[www.dominos.co.in/files/items/MicrosoftTeams-image_(14).png]
[www.dominos.co.in/menu/non-veg-pizzas/chicken-golden-delight.html]
[www.dominos.co.in/files/items/MicrosoftTeams-image_(13).png]
[www.dominos.co.in/menu/non-veg-pizzas/non-veg-supreme.html]
[www.dominos.co.in/files/items/MicrosoftTeams-image_(11).png]
[www.dominos.co.in/menu/non-veg-pizzas/chicken-dominator.html]
[www.dominos.co.in/files/items/Pepper_Barbeque_&_Onion.jpg]
[www.dominos.co.in/menu/non-veg-pizzas/pepper-barbecue-onion.html]
[www.dominos.co.in/files/items/MicrosoftTeams-image_(15).png]
[www.dominos.co.in/menu/non-veg-pizzas/pepper-barbecue-chicken.html]
[www.dominos.co.in/files/items/MicrosoftTeams-image_(17).png]
[www.dominos.co.in/files/items/MicrosoftTeams-image_(10).png]
[www.dominos.co.in/menu/non-veg-pizzas/chicken-fiesta.html]
[www.dominos.co.in/files/items/MicrosoftTeams-image_(18).png]
[www.dominos.co.in/menu/non-veg-pizzas/indi-chicken-tikka.html]
[www.dominos.co.in/files/items/MicrosoftTeams-image_(20).png]
[www.dominos.co.in/menu/non-veg-pizzas/chicken-pepperoni.html]
[www.dominos.co.in/files/items/CreamyTomatoPPVG.jpg]
[www.dominos.co.in/menu/non-veg-pizzas/creamy-tomato-pasta-pizza-non-veg.html]
[www.dominos.co.in/menu/non-veg-pizzas/keema-do-pyaza.html]
[www.dominos.co.in/files/items/MoroccanSpicePPNV_N.jpg]
[www.dominos.co.in/menu/non-veg-pizzas.html]
[www.dominos.co.in/menu/non-veg-pizzas/moroccan-spice-pasta-pizza-non-veg.html]
[www.dominos.co.in/pizza-near-me/index.html]
[www.dominos.co.in/files/items/MoroccanPastaVeg_N_(1).jpg]
[www.dominos.co.in/menu/pasta/veg-pasta/moroccan-spice-pasta-veg.html]
[www.dominos.co.in/files/items/PaneerTikkaMasala_N.jpg]
[www.dominos.co.in/menu/pasta/veg-pasta/tikka-masala-pasta-veg.html]
[www.dominos.co.in/files/items/CreamyTomatoVeg_N_(3).jpg]
[www.dominos.co.in/menu/pasta/veg-pasta/creamy-tomato-pasta-veg.html]
[www.dominos.co.in/files/items/CreamyTomatoNV_N.jpg]
[www.dominos.co.in/menu/pasta/non-veg-pasta/creamy-tomato-pasta-non-veg.html]
[www.dominos.co.in/files/items/ChickenTikkaMasala_N.jpg]
[www.dominos.co.in/files/items/MoroccanPastaNonVeg_N.jpg]
[www.dominos.co.in/menu/pasta/non-veg-pasta/tikka-masala-pasta-non-veg.html]
[www.dominos.co.in/menu/pasta/non-veg-pasta/moroccan-spice-pasta-non-veg.html]
[www.dominos.co.in/menu/pasta.html]
[www.dominos.co.in/files/items/_1346164951.jpg]
[www.dominos.co.in/menu/choice-of-crusts/cheese-burst.html]
[www.dominos.co.in/files/items/_1346165278.jpg]
[www.dominos.co.in/files/items/thin-crust.jpg]
[www.dominos.co.in/menu/choice-of-crusts/wheat-thin-crust.html]
[www.dominos.co.in/files/items/FPP_(1).jpg]
[www.dominos.co.in/files/items/Crust_272X272.jpg]
[www.dominos.co.in/menu/choice-of-crusts.html]
[www.dominos.co.in/files/items/pepsi.png]
[www.dominos.co.in/menu/beverages/pepsi-475ml.html]
[www.dominos.co.in/files/items/7up.png]
[www.dominos.co.in/menu/beverages/7up-475ml.html]
[www.dominos.co.in/files/items/lipton.png]
[www.dominos.co.in/menu/beverages/lipton-ice-tea-250ml.html]
[www.dominos.co.in/files/items/mirinda.png]
[www.dominos.co.in/menu/beverages/mirinda-475ml.html]
[www.dominos.co.in/files/items/pepsi_black.png]
[www.dominos.co.in/menu/beverages/pepsi-black-can.html]
[www.dominos.co.in/menu/beverages.html]
[www.dominos.co.in/files/items/PrimeLoadedL.jpg]
[www.dominos.co.in/menu/pizza-mania/pizza-mania-veg/veg-loaded.html]
[www.dominos.co.in/files/items/PrimeCheesyL.jpg]
[www.dominos.co.in/menu/pizza-mania/pizza-mania-veg/cheesy.html]
[www.dominos.co.in/files/items/Paneer_Special.jpg]
[www.dominos.co.in/menu/pizza-mania/pizza-mania-veg/paneer-onion.html]
[www.dominos.co.in/files/items/CapsicumVeg.jpg]
[www.dominos.co.in/menu/pizza-mania/pizza-mania-veg/capsicum.html]
[www.dominos.co.in/files/items/onion_veg.jpg]
[www.dominos.co.in/menu/pizza-mania/pizza-mania-veg/onion.html]
[www.dominos.co.in/files/items/golden_corn_veg.jpg]
[www.dominos.co.in/menu/pizza-mania/pizza-mania-veg/golden-corn.html]
[www.dominos.co.in/files/items/cheese_and_tomato.png]
[www.dominos.co.in/menu/pizza-mania/pizza-mania-veg/cheese-n-tomato.html]
[www.dominos.co.in/files/items/pizza_mania_tomato.png]
[www.dominos.co.in/menu/pizza-mania/pizza-mania-veg/tomato.html]
[www.dominos.co.in/files/items/LoadedC.jpg]
[www.dominos.co.in/menu/pizza-mania/pizza-mania-non-veg/non-veg-loaded.html]
[www.dominos.co.in/menu/pizza-mania/pizza-mania-non-veg/chicken-sausage-.html]
[www.dominos.co.in/files/items/PepperBarbecueChicken.jpg]
[www.dominos.co.in/menu/pizza-mania/pizza-mania-non-veg/pepper-barbecue-chicken--.html]
[www.dominos.co.in/menu/pizza-mania.html]
[www.dominos.co.in/files/items/160790_Burger_Pizza_427X298_Pixel.jpg]
[www.dominos.co.in/menu/burger-pizza/burger-pizza-classic-veg.html]
[www.dominos.co.in/menu/burger-pizza/burger-pizza-premium-veg.html]
[www.dominos.co.in/files/items/Burger_Pizza_Non.jpg]
[www.dominos.co.in/menu/burger-pizza/burger-pizza-classic-non-veg.html]
[www.dominos.co.in/menu/side-orders/more/chicken-parcel.html]
[www.dominos.co.in/menu/burger-pizza.html]
[www.dominos.co.in/menu/chicken/boneless-chicken-wings-peri-peri.html]
[www.dominos.co.in/theme2/front/menuassets/css/extras.min.css]
[www.dominos.co.in/theme2/front/menuassets/css/bootstrap.min.css]
[www.dominos.co.in/theme2/front/menuassets/css/theme.min.css]
[www.dominos.co.in/theme2/front/menuassets/css/corporate.css]
[www.dominos.co.in/theme2/front/css/style.min7dd3.css]
[www.dominos.co.in/theme2/front/menuassets/images/Classic_Hand_tossed_1.jpg]
[www.dominos.co.in/theme2/front/menuassets/images/cheese-burst.png]
[www.dominos.co.in/theme2/front/menuassets/images/New_hand_tossed_1.jpg]
[www.dominos.co.in/theme2/front/menuassets/images/wheat-2.png]
[www.dominos.co.in/theme2/front/menuassets/images/Fress-pan-4.png]
[www.dominos.co.in/theme2/front/menuassets/js/theme.min.js]
[www.dominos.co.in/menu/veg-pizzas/farm-house.html]
[www.dominos.co.in/theme2/front/menuassets/js/revolution.min.js]
[www.dominos.co.in/menu/dips.html]
[www.dominos.co.in/menu/veg-pizzas/margherita.html]
[www.dominos.co.in/hot-pizza-30-minutes-delivery-guarantee-at-dominos-get-pizza-hot.html]
[www.dominos.co.in/menu/veg-pizzas/cheese-n-corn.html]
[www.dominos.co.in/menu/veg-pizzas/double-cheese-margherita.html]
[www.dominos.co.in/menu/veg-pizzas/paneer-makhani.html]
[www.dominos.co.in/files/items/choco-lava-cake-771.jpg]
[www.dominos.co.in/menu/side-orders/lava-cake.html]
[www.dominos.co.in/menu/side-orders/butterscotch-mousse-cake.html]
[www.dominos.co.in/files/items/Roasted-chicken-192x192.png]
[www.dominos.co.in/menu/chicken/roasted-chicken-wings-peri-peri.html]
[www.dominos.co.in/menu/side-orders/more/taco-mexicana-non-veg.html]
[www.dominos.co.in/menu/side-orders/garlic-breadsticks.html]
[www.dominos.co.in/menu/side-orders/stuffed-garlic-bread.html]
[www.dominos.co.in/files/items/150135_AHA_Menu_main_1.jpg]
[www.dominos.co.in/menu/side-orders/veg-parcel.html]
[www.dominos.co.in/menu/choice-of-crusts/fresh-pan-pizza.html]
[www.dominos.co.in/menu/choice-of-crusts/new-hand-tossed.html]
[www.dominos.co.in/menu/choice-of-crusts/classic-hand-tossed.html]
[www.dominos.co.in/menu/pizza-mania/golden-corn.html]
[www.dominos.co.in/files/items/cheese_topping.jpg]
[www.dominos.co.in/menu/choice-of-toppings/extra-cheese.html]
[www.dominos.co.in/great-deals/online-pizza-coupons/assets/css/icons.html]
[www.dominos.co.in/great-deals/online-pizza-coupons/owl.carousel/assets/owl.carousel.html]
[www.dominos.co.in/great-deals/online-pizza-coupons/assets/css/animate.min.html]
[www.dominos.co.in/great-deals/online-pizza-coupons/assets/css/animsition.min.html]
[www.dominos.co.in/great-deals/online-pizza-coupons/css/bootstrap.min.css]
[www.dominos.co.in/great-deals/online-pizza-coupons/css/font-awesome.css]
[www.dominos.co.in/great-deals/online-pizza-coupons/css/cubeportfolio.min.css]
[www.dominos.co.in/great-deals/online-pizza-coupons/css/style.css]
[www.dominos.co.in/great-deals/online-pizza-coupons/css/style.min.css]
[www.dominos.co.in/great-deals/online-pizza-coupons/css/inputEffects.css]
[www.dominos.co.in/great-deals/online-pizza-coupons/css/custom.css]
[www.dominos.co.in/great-deals/online-pizza-coupons/css/single-page-home.css]
[www.dominos.co.in/great-deals/online-pizza-coupons/css/Media-Querry.css]
[www.dominos.co.in/great-deals/online-pizza-coupons/css/coupon-details.css]
[www.dominos.co.in/great-deals/online-pizza-coupons/css/single-page-coupon-details.html]
[www.dominos.co.in/great-deals/online-pizza-coupons/skins/default.css]
[www.dominos.co.in/great-deals/online-pizza-coupons/bodybg/bg1.html]
[www.dominos.co.in/great-deals/online-pizza-coupons/images/story_images/evd/pizza-1.jpg]
[www.dominos.co.in/great-deals/online-pizza-coupons/images/story_images/evd/pizza-2.jpg]
[www.dominos.co.in/great-deals/online-pizza-coupons/images/story_images/evd/pizza-3.jpg]
[www.dominos.co.in/great-deals/online-pizza-coupons/images/story_images/evd/pizza-4.jpg]
[www.dominos.co.in/great-deals/online-pizza-coupons/dominos-sunday-offers.html]
[www.dominos.co.in/great-deals/online-pizza-coupons/dominos-monday-offers.html]
[www.dominos.co.in/great-deals/online-pizza-coupons/dominos-tuesday-offers.html]
[www.dominos.co.in/great-deals/online-pizza-coupons/dominos-thursday-offers.html]
[www.dominos.co.in/great-deals/online-pizza-coupons/dominos-friday-offers.html]
[www.dominos.co.in/great-deals/online-pizza-coupons/dominos-saturday-offers.html]
[www.dominos.co.in/great-deals/online-pizza-coupons/dominos-ahmedabad-offers.html]
[www.dominos.co.in/great-deals/online-pizza-coupons/dominos-bangalore-offers.html]
[www.dominos.co.in/great-deals/online-pizza-coupons/dominos-Chennai-offers.html]
[www.dominos.co.in/great-deals/online-pizza-coupons/dominos-delhi-offers.html]
[www.dominos.co.in/great-deals/online-pizza-coupons/dominos-Goa-offers.html]
[www.dominos.co.in/great-deals/online-pizza-coupons/dominos-hyderabad-offers.html]
[www.dominos.co.in/great-deals/online-pizza-coupons/dominos-jaipur-offers.html]
[www.dominos.co.in/great-deals/online-pizza-coupons/dominos-kolkata-offers.html]
[www.dominos.co.in/great-deals/online-pizza-coupons/dominos-mumbai-offers.html]
[www.dominos.co.in/great-deals/online-pizza-coupons/dominos-pune-offers.html]
[www.dominos.co.in/disclaimer.html]
[www.dominos.co.in/store-location/bangalore.html]
[www.dominos.co.in/store-location/chennai.html]
[www.dominos.co.in/store-location/new-delhi.html]
[www.dominos.co.in/store-location/gurgaon.html]
[www.dominos.co.in/store-location/hyderabad.html]
[www.dominos.co.in/store-location/kolkata.html]
[www.dominos.co.in/store-location/mumbai.html]
[www.dominos.co.in/store-location/noida.html]
[www.dominos.co.in/store-location/pune.html]
[www.dominos.co.in/great-deals/online-pizza-coupons/images/googleplay.png]
[www.dominos.co.in/great-deals/online-pizza-coupons/images/appstore.png]
[www.dominos.co.in/great-deals/online-pizza-coupons/js/jquery.min.js]
[www.dominos.co.in/great-deals/online-pizza-coupons/js/modernizr.custom.js]
[www.dominos.co.in/great-deals/online-pizza-coupons/js/jquery.easing.1.3.js]
[www.dominos.co.in/great-deals/online-pizza-coupons/js/bootstrap.min.js]
[www.dominos.co.in/great-deals/online-pizza-coupons/js/jquery.appear.js]
[www.dominos.co.in/great-deals/online-pizza-coupons/js/stellar.html]
[www.dominos.co.in/great-deals/online-pizza-coupons/js/classie.js]
[www.dominos.co.in/great-deals/online-pizza-coupons/js/uisearch.js]
[www.dominos.co.in/great-deals/online-pizza-coupons/js/jquery.cubeportfolio.min.js]
[www.dominos.co.in/great-deals/online-pizza-coupons/js/google-code-prettify/prettify.js]
[www.dominos.co.in/great-deals/online-pizza-coupons/js/animate.js]
[www.dominos.co.in/great-deals/online-pizza-coupons/js/custom.js]
[www.dominos.co.in/great-deals/online-pizza-coupons/js/clipboard.js]
[www.dominos.co.in/great-deals/online-pizza-coupons/assets/js/animsition.min.html]
[www.dominos.co.in/great-deals/online-pizza-coupons/owl.carousel/owl.carousel.min.html]
[www.dominos.co.in/great-deals/online-pizza-coupons/dominos-wednesday-offers.html]
[www.dominos.co.in/great-deals/online-pizza-coupons/assets/js/kupon.html]
[www.dominos.co.in/store-location/css/bootstrap.min.css]
[www.dominos.co.in/store-location/css/font-awesome.css]
[www.dominos.co.in/store-location/css/cubeportfolio.min.css]
[www.dominos.co.in/store-location/css/style.css]
[www.dominos.co.in/store-location/css/style.min.css]
[www.dominos.co.in/store-location/css/inputEffects.css]
[www.dominos.co.in/store-location/css/custom.css]
[www.dominos.co.in/store-location/css/single-page-home.css]
[www.dominos.co.in/store-location/css/new-pages.css]
[www.dominos.co.in/store-location/css/Media-Querry.css]
[www.dominos.co.in/store-location/skins/default.css]
[www.dominos.co.in/great-deals/gift-vouchers.html]
[www.dominos.co.in/store-location/agartala.html]
[www.dominos.co.in/store-location/agra.html]
[www.dominos.co.in/store-location/ahmadnagar.html]
[www.dominos.co.in/store-location/ahmedabad.html]
[www.dominos.co.in/store-location/aizwal.html]
[www.dominos.co.in/store-location/ajmer.html]
[www.dominos.co.in/store-location/aligarh.html]
[www.dominos.co.in/store-location/allahabad.html]
[www.dominos.co.in/store-location/alwar.html]
[www.dominos.co.in/store-location/ambala.html]
[www.dominos.co.in/store-location/amravati.html]
[www.dominos.co.in/store-location/amritsar.html]
[www.dominos.co.in/store-location/anand.html]
[www.dominos.co.in/store-location/ananthapur.html]
[www.dominos.co.in/store-location/ara.html]
[www.dominos.co.in/store-location/asansol.html]
[www.dominos.co.in/store-location/aurangabad.html]
[www.dominos.co.in/store-location/baddi.html]
[www.dominos.co.in/store-location/badlapur.html]
[www.dominos.co.in/store-location/bahadurgarh.html]
[www.dominos.co.in/store-location/banaskantha.html]
[www.dominos.co.in/store-location/barabanki.html]
[www.dominos.co.in/store-location/baramati.html]
[www.dominos.co.in/store-location/bardoli.html]
[www.dominos.co.in/store-location/bareilly.html]
[www.dominos.co.in/store-location/batala.html]
[www.dominos.co.in/store-location/beed.html]
[www.dominos.co.in/store-location/begusarai.html]
[www.dominos.co.in/store-location/belgaum.html]
[www.dominos.co.in/store-location/bellari.html]
[www.dominos.co.in/store-location/berhampore.html]
[www.dominos.co.in/store-location/berhampur.html]
[www.dominos.co.in/store-location/bettiah.html]
[www.dominos.co.in/store-location/bhagalpur.html]
[www.dominos.co.in/store-location/bharuch.html]
[www.dominos.co.in/store-location/bhatinda.html]
[www.dominos.co.in/store-location/bhavnagar.html]
[www.dominos.co.in/store-location/bhilai.html]
[www.dominos.co.in/store-location/bhilwara.html]
[www.dominos.co.in/store-location/bhimavaram.html]
[www.dominos.co.in/store-location/bhiwadi.html]
[www.dominos.co.in/store-location/bhiwani.html]
[www.dominos.co.in/store-location/bhopal.html]
[www.dominos.co.in/store-location/bhubaneswar.html]
[www.dominos.co.in/store-location/bhuj.html]
[www.dominos.co.in/store-location/bidadi.html]
[www.dominos.co.in/store-location/bijapur.html]
[www.dominos.co.in/store-location/bijnor.html]
[www.dominos.co.in/store-location/bikaner.html]
[www.dominos.co.in/store-location/bilaspur.html]
[www.dominos.co.in/store-location/bilimora.html]
[www.dominos.co.in/store-location/bodhgaya.html]
[www.dominos.co.in/store-location/boisar.html]
[www.dominos.co.in/store-location/bokaro.html]
[www.dominos.co.in/store-location/bongaigaon.html]
[www.dominos.co.in/store-location/borivali.html]
[www.dominos.co.in/store-location/burdwan.html]
[www.dominos.co.in/store-location/calicut.html]
[www.dominos.co.in/store-location/chandigarh.html]
[www.dominos.co.in/store-location/chandrapur.html]
[www.dominos.co.in/store-location/chhindwara.html]
[www.dominos.co.in/store-location/chiplun.html]
[www.dominos.co.in/store-location/chittorgarh.html]
[www.dominos.co.in/store-location/cochin.html]
[www.dominos.co.in/store-location/coimbatore.html]
[www.dominos.co.in/store-location/cuttack.html]
[www.dominos.co.in/store-location/daman.html]
[www.dominos.co.in/store-location/darjeeling.html]
[www.dominos.co.in/store-location/davangere.html]
[www.dominos.co.in/store-location/dehradun.html]
[www.dominos.co.in/store-location/deoghar.html]
[www.dominos.co.in/store-location/dewas.html]
[www.dominos.co.in/store-location/dhanbad.html]
[www.dominos.co.in/store-location/dharamshala.html]
[www.dominos.co.in/store-location/dharwad.html]
[www.dominos.co.in/store-location/dhule.html]
[www.dominos.co.in/store-location/dibrugarh.html]
[www.dominos.co.in/store-location/dimapur.html]
[www.dominos.co.in/store-location/durg.html]
[www.dominos.co.in/store-location/durgapur.html]
[www.dominos.co.in/store-location/erode.html]
[www.dominos.co.in/store-location/faridabad.html]
[www.dominos.co.in/store-location/faridkot.html]
[www.dominos.co.in/store-location/fazilka.html]
[www.dominos.co.in/store-location/firozpur.html]
[www.dominos.co.in/store-location/gandhinagar.html]
[www.dominos.co.in/store-location/gangtok.html]
[www.dominos.co.in/store-location/ghaziabad.html]
[www.dominos.co.in/store-location/goa.html]
[www.dominos.co.in/store-location/gorakhpur.html]
[www.dominos.co.in/store-location/greater noida.html]
[www.dominos.co.in/store-location/gulbarga.html]
[www.dominos.co.in/store-location/guntur.html]
[www.dominos.co.in/store-location/gurdaspur.html]
[www.dominos.co.in/store-location/guwahati.html]
[www.dominos.co.in/store-location/gwalior.html]
[www.dominos.co.in/store-location/hajipur.html]
[www.dominos.co.in/store-location/haldia.html]
[www.dominos.co.in/store-location/haldwani.html]
[www.dominos.co.in/store-location/harda.html]
[www.dominos.co.in/store-location/haridwar.html]
[www.dominos.co.in/store-location/hassan.html]
[www.dominos.co.in/store-location/hazaribagh.html]
[www.dominos.co.in/store-location/hisar.html]
[www.dominos.co.in/store-location/hooghly.html]
[www.dominos.co.in/store-location/hoshiarpur.html]
[www.dominos.co.in/store-location/hosur.html]
[www.dominos.co.in/store-location/howrah.html]
[www.dominos.co.in/store-location/hubli.html]
[www.dominos.co.in/store-location/imphal.html]
[www.dominos.co.in/store-location/indore.html]
[www.dominos.co.in/store-location/itanagar.html]
[www.dominos.co.in/store-location/jabalpur.html]
[www.dominos.co.in/store-location/jabli.html]
[www.dominos.co.in/store-location/jaipur.html]
[www.dominos.co.in/store-location/jalandhar.html]
[www.dominos.co.in/store-location/jalgaon.html]
[www.dominos.co.in/store-location/jalpaiguri.html]
[www.dominos.co.in/store-location/jam nagar.html]
[www.dominos.co.in/store-location/jammu.html]
[www.dominos.co.in/store-location/jamshedpur.html]
[www.dominos.co.in/store-location/jhansi.html]
[www.dominos.co.in/store-location/jodhpur.html]
[www.dominos.co.in/store-location/jorhat.html]
[www.dominos.co.in/store-location/junagadh.html]
[www.dominos.co.in/store-location/kadapa.html]
[www.dominos.co.in/store-location/kaithal.html]
[www.dominos.co.in/store-location/kakinada.html]
[www.dominos.co.in/store-location/kangra.html]
[www.dominos.co.in/store-location/kannur.html]
[www.dominos.co.in/store-location/kanpur.html]
[www.dominos.co.in/store-location/kapurthala.html]
[www.dominos.co.in/store-location/karnal.html]
[www.dominos.co.in/store-location/kashipur.html]
[www.dominos.co.in/store-location/katni.html]
[www.dominos.co.in/store-location/katra.html]
[www.dominos.co.in/store-location/kevadia.html]
[www.dominos.co.in/store-location/kevadiya.html]
[www.dominos.co.in/store-location/khandwa.html]
[www.dominos.co.in/store-location/khanna.html]
[www.dominos.co.in/store-location/kharagpur.html]
[www.dominos.co.in/store-location/kharar.html]
[www.dominos.co.in/store-location/kharghar.html]
[www.dominos.co.in/store-location/kheda.html]
[www.dominos.co.in/store-location/kodaikanal.html]
[www.dominos.co.in/store-location/kohima.html]
[www.dominos.co.in/store-location/kohlapur.html]
[www.dominos.co.in/store-location/kolar.html]
[www.dominos.co.in/store-location/kollam.html]
[www.dominos.co.in/store-location/korba.html]
[www.dominos.co.in/store-location/kota.html]
[www.dominos.co.in/store-location/kullu.html]
[www.dominos.co.in/store-location/kurukshetra.html]
[www.dominos.co.in/store-location/latur.html]
[www.dominos.co.in/store-location/limbdi.html]
[www.dominos.co.in/store-location/lucknow.html]
[www.dominos.co.in/store-location/ludhiana.html]
[www.dominos.co.in/store-location/madurai.html]
[www.dominos.co.in/store-location/mahabaleshwar.html]
[www.dominos.co.in/store-location/malda.html]
[www.dominos.co.in/store-location/mandi.html]
[www.dominos.co.in/store-location/mangalore.html]
[www.dominos.co.in/store-location/manipal.html]
[www.dominos.co.in/store-location/marmugao.html]
[www.dominos.co.in/store-location/mathura.html]
[www.dominos.co.in/store-location/meerut.html]
[www.dominos.co.in/store-location/mehsana.html]
[www.dominos.co.in/store-location/moga.html]
[www.dominos.co.in/store-location/mohali.html]
[www.dominos.co.in/store-location/moradabad.html]
[www.dominos.co.in/store-location/mormugao.html]
[www.dominos.co.in/store-location/motihari.html]
[www.dominos.co.in/store-location/mount abu.html]
[www.dominos.co.in/store-location/mughalsarai.html]
[www.dominos.co.in/store-location/mussoorie.html]
[www.dominos.co.in/store-location/muzzafarnagar.html]
[www.dominos.co.in/store-location/muzzafarpur.html]
[www.dominos.co.in/store-location/mysore.html]
[www.dominos.co.in/store-location/nagaon.html]
[www.dominos.co.in/store-location/nagercoil.html]
[www.dominos.co.in/store-location/nagpur.html]
[www.dominos.co.in/store-location/naharlagun.html]
[www.dominos.co.in/store-location/nainital.html]
[www.dominos.co.in/store-location/nanded.html]
[www.dominos.co.in/store-location/nasik.html]
[www.dominos.co.in/store-location/navi-mumbai.html]
[www.dominos.co.in/store-location/navsari.html]
[www.dominos.co.in/store-location/nawanshahr.html]
[www.dominos.co.in/store-location/neemuch.html]
[www.dominos.co.in/store-location/nellore.html]
[www.dominos.co.in/store-location/new panvel.html]
[www.dominos.co.in/store-location/nizamabad.html]
[www.dominos.co.in/store-location/ooty.html]
[www.dominos.co.in/store-location/palakkad.html]
[www.dominos.co.in/store-location/palampur.html]
[www.dominos.co.in/store-location/palanpur.html]
[www.dominos.co.in/store-location/palghar.html]
[www.dominos.co.in/store-location/panchkula.html]
[www.dominos.co.in/store-location/panipat.html]
[www.dominos.co.in/store-location/pathankot.html]
[www.dominos.co.in/store-location/patiala.html]
[www.dominos.co.in/store-location/patna.html]
[www.dominos.co.in/store-location/patrasi.html]
[www.dominos.co.in/store-location/phagwara.html]
[www.dominos.co.in/store-location/pinjore.html]
[www.dominos.co.in/store-location/pondicherry.html]
[www.dominos.co.in/store-location/puri.html]
[www.dominos.co.in/store-location/purnia.html]
[www.dominos.co.in/store-location/purulia.html]
[www.dominos.co.in/store-location/raebareli.html]
[www.dominos.co.in/store-location/raigad.html]
[www.dominos.co.in/store-location/raigarh.html]
[www.dominos.co.in/store-location/raipur.html]
[www.dominos.co.in/store-location/rajkot.html]
[www.dominos.co.in/store-location/rajpura.html]
[www.dominos.co.in/store-location/ramnagar.html]
[www.dominos.co.in/store-location/rampur.html]
[www.dominos.co.in/store-location/ranchi.html]
[www.dominos.co.in/store-location/ratangiri.html]
[www.dominos.co.in/store-location/ratlam.html]
[www.dominos.co.in/store-location/rewa.html]
[www.dominos.co.in/store-location/rewari.html]
[www.dominos.co.in/store-location/rishikesh.html]
[www.dominos.co.in/store-location/rohtak.html]
[www.dominos.co.in/store-location/rongpo.html]
[www.dominos.co.in/store-location/roorkee.html]
[www.dominos.co.in/store-location/ropar.html]
[www.dominos.co.in/store-location/rourkela.html]
[www.dominos.co.in/store-location/rudrapur.html]
[www.dominos.co.in/store-location/sagar.html]
[www.dominos.co.in/store-location/saharanpur.html]
[www.dominos.co.in/store-location/salcette.html]
[www.dominos.co.in/store-location/salem.html]
[www.dominos.co.in/store-location/samastipur.html]
[www.dominos.co.in/store-location/sambalpur.html]
[www.dominos.co.in/store-location/sangli.html]
[www.dominos.co.in/store-location/sangrur.html]
[www.dominos.co.in/store-location/satara.html]
[www.dominos.co.in/store-location/satna.html]
[www.dominos.co.in/store-location/shajahanpur.html]
[www.dominos.co.in/store-location/shillong.html]
[www.dominos.co.in/store-location/shimla.html]
[www.dominos.co.in/store-location/shirdi.html]
[www.dominos.co.in/store-location/shoolagiri.html]
[www.dominos.co.in/store-location/sikar.html]
[www.dominos.co.in/store-location/silchar.html]
[www.dominos.co.in/store-location/siliguri.html]
[www.dominos.co.in/store-location/silvassa.html]
[www.dominos.co.in/restaurants-near-me.html]
[www.dominos.co.in/pizza-near-me.html]
[www.dominos.co.in/food-near-me.html]
[www.dominos.co.in/food-delivery.html]
[www.dominos.co.in/italian-food.html]
